
Allocating common symbols
Common symbol       size              file

conf                0x10              ..\obj\bluetooth_usart.o
dma_is              0x3c              ..\obj\ili9163.o
SPI_InitDef         0x12              ..\obj\ili9163.o
GP_InitDef          0x8               ..\obj\ili9163.o
Buffer              0x4000            ..\obj\ili9163.o

Discarded input sections

 .text          0x00000000        0x0 ..\obj\stm32f4xx_syscfg.o
 .data          0x00000000        0x0 ..\obj\stm32f4xx_syscfg.o
 .bss           0x00000000        0x0 ..\obj\stm32f4xx_syscfg.o
 .text.SYSCFG_DeInit
                0x00000000       0x1c ..\obj\stm32f4xx_syscfg.o
 .text.SYSCFG_MemoryRemapConfig
                0x00000000       0x20 ..\obj\stm32f4xx_syscfg.o
 .text.SYSCFG_ETH_MediaInterfaceConfig
                0x00000000       0x1c ..\obj\stm32f4xx_syscfg.o
 .text.SYSCFG_CompensationCellCmd
                0x00000000       0x20 ..\obj\stm32f4xx_syscfg.o
 .text.SYSCFG_GetCompensationCellStatus
                0x00000000       0x34 ..\obj\stm32f4xx_syscfg.o
 .text          0x00000000        0x0 ..\obj\stm32f4xx_usart.o
 .data          0x00000000        0x0 ..\obj\stm32f4xx_usart.o
 .bss           0x00000000        0x0 ..\obj\stm32f4xx_usart.o
 .text.USART_DeInit
                0x00000000       0xd0 ..\obj\stm32f4xx_usart.o
 .text.USART_StructInit
                0x00000000       0x38 ..\obj\stm32f4xx_usart.o
 .text.USART_ClockInit
                0x00000000       0x54 ..\obj\stm32f4xx_usart.o
 .text.USART_ClockStructInit
                0x00000000       0x2c ..\obj\stm32f4xx_usart.o
 .text.USART_SetPrescaler
                0x00000000       0x38 ..\obj\stm32f4xx_usart.o
 .text.USART_OverSampling8Cmd
                0x00000000       0x44 ..\obj\stm32f4xx_usart.o
 .text.USART_OneBitMethodCmd
                0x00000000       0x40 ..\obj\stm32f4xx_usart.o
 .text.USART_SetAddress
                0x00000000       0x38 ..\obj\stm32f4xx_usart.o
 .text.USART_ReceiverWakeUpCmd
                0x00000000       0x40 ..\obj\stm32f4xx_usart.o
 .text.USART_WakeUpConfig
                0x00000000       0x38 ..\obj\stm32f4xx_usart.o
 .text.USART_LINBreakDetectLengthConfig
                0x00000000       0x38 ..\obj\stm32f4xx_usart.o
 .text.USART_LINCmd
                0x00000000       0x40 ..\obj\stm32f4xx_usart.o
 .text.USART_SendBreak
                0x00000000       0x24 ..\obj\stm32f4xx_usart.o
 .text.USART_HalfDuplexCmd
                0x00000000       0x40 ..\obj\stm32f4xx_usart.o
 .text.USART_SetGuardTime
                0x00000000       0x3c ..\obj\stm32f4xx_usart.o
 .text.USART_SmartCardCmd
                0x00000000       0x40 ..\obj\stm32f4xx_usart.o
 .text.USART_SmartCardNACKCmd
                0x00000000       0x40 ..\obj\stm32f4xx_usart.o
 .text.USART_IrDAConfig
                0x00000000       0x38 ..\obj\stm32f4xx_usart.o
 .text.USART_IrDACmd
                0x00000000       0x40 ..\obj\stm32f4xx_usart.o
 .text.USART_DMACmd
                0x00000000       0x48 ..\obj\stm32f4xx_usart.o
 .text.USART_ClearFlag
                0x00000000       0x20 ..\obj\stm32f4xx_usart.o
 .text.USART_ClearITPendingBit
                0x00000000       0x38 ..\obj\stm32f4xx_usart.o
 .text          0x00000000        0x0 ..\obj\stm32f4xx_pwr.o
 .data          0x00000000        0x0 ..\obj\stm32f4xx_pwr.o
 .bss           0x00000000        0x0 ..\obj\stm32f4xx_pwr.o
 .text.PWR_DeInit
                0x00000000       0x1c ..\obj\stm32f4xx_pwr.o
 .text.PWR_PVDLevelConfig
                0x00000000       0x38 ..\obj\stm32f4xx_pwr.o
 .text.PWR_PVDCmd
                0x00000000       0x20 ..\obj\stm32f4xx_pwr.o
 .text.PWR_WakeUpPinCmd
                0x00000000       0x20 ..\obj\stm32f4xx_pwr.o
 .text.PWR_BackupRegulatorCmd
                0x00000000       0x20 ..\obj\stm32f4xx_pwr.o
 .text.PWR_MainRegulatorModeConfig
                0x00000000       0x38 ..\obj\stm32f4xx_pwr.o
 .text.PWR_FlashPowerDownCmd
                0x00000000       0x20 ..\obj\stm32f4xx_pwr.o
 .text.PWR_EnterSTOPMode
                0x00000000       0x64 ..\obj\stm32f4xx_pwr.o
 .text.PWR_EnterSTANDBYMode
                0x00000000       0x3c ..\obj\stm32f4xx_pwr.o
 .text.PWR_GetFlagStatus
                0x00000000       0x34 ..\obj\stm32f4xx_pwr.o
 .text.PWR_ClearFlag
                0x00000000       0x24 ..\obj\stm32f4xx_pwr.o
 .text          0x00000000        0x0 ..\obj\startup_stm32f4xx.o
 .data          0x00000000        0x0 ..\obj\startup_stm32f4xx.o
 .bss           0x00000000        0x0 ..\obj\startup_stm32f4xx.o
 .text          0x00000000        0x0 ..\obj\main.o
 .data          0x00000000        0x0 ..\obj\main.o
 .bss           0x00000000        0x0 ..\obj\main.o
 .text          0x00000000        0x0 ..\obj\stm32f4xx_rcc.o
 .bss           0x00000000        0x0 ..\obj\stm32f4xx_rcc.o
 .text.RCC_DeInit
                0x00000000       0x50 ..\obj\stm32f4xx_rcc.o
 .text.RCC_HSEConfig
                0x00000000       0x24 ..\obj\stm32f4xx_rcc.o
 .text.RCC_WaitForHSEStartUp
                0x00000000       0x50 ..\obj\stm32f4xx_rcc.o
 .text.RCC_AdjustHSICalibrationValue
                0x00000000       0x3c ..\obj\stm32f4xx_rcc.o
 .text.RCC_HSICmd
                0x00000000       0x20 ..\obj\stm32f4xx_rcc.o
 .text.RCC_LSEConfig
                0x00000000       0x40 ..\obj\stm32f4xx_rcc.o
 .text.RCC_PLLConfig
                0x00000000       0x3c ..\obj\stm32f4xx_rcc.o
 .text.RCC_PLLCmd
                0x00000000       0x20 ..\obj\stm32f4xx_rcc.o
 .text.RCC_PLLI2SConfig
                0x00000000       0x28 ..\obj\stm32f4xx_rcc.o
 .text.RCC_PLLI2SCmd
                0x00000000       0x20 ..\obj\stm32f4xx_rcc.o
 .text.RCC_ClockSecuritySystemCmd
                0x00000000       0x20 ..\obj\stm32f4xx_rcc.o
 .text.RCC_MCO1Config
                0x00000000       0x3c ..\obj\stm32f4xx_rcc.o
 .text.RCC_MCO2Config
                0x00000000       0x3c ..\obj\stm32f4xx_rcc.o
 .text.RCC_SYSCLKConfig
                0x00000000       0x38 ..\obj\stm32f4xx_rcc.o
 .text.RCC_GetSYSCLKSource
                0x00000000       0x20 ..\obj\stm32f4xx_rcc.o
 .text.RCC_HCLKConfig
                0x00000000       0x38 ..\obj\stm32f4xx_rcc.o
 .text.RCC_PCLK1Config
                0x00000000       0x38 ..\obj\stm32f4xx_rcc.o
 .text.RCC_PCLK2Config
                0x00000000       0x38 ..\obj\stm32f4xx_rcc.o
 .text.RCC_BackupResetCmd
                0x00000000       0x20 ..\obj\stm32f4xx_rcc.o
 .text.RCC_I2SCLKConfig
                0x00000000       0x1c ..\obj\stm32f4xx_rcc.o
 .text.RCC_AHB2PeriphClockCmd
                0x00000000       0x3c ..\obj\stm32f4xx_rcc.o
 .text.RCC_AHB3PeriphClockCmd
                0x00000000       0x3c ..\obj\stm32f4xx_rcc.o
 .text.RCC_AHB1PeriphResetCmd
                0x00000000       0x3c ..\obj\stm32f4xx_rcc.o
 .text.RCC_AHB2PeriphResetCmd
                0x00000000       0x3c ..\obj\stm32f4xx_rcc.o
 .text.RCC_AHB3PeriphResetCmd
                0x00000000       0x3c ..\obj\stm32f4xx_rcc.o
 .text.RCC_APB1PeriphResetCmd
                0x00000000       0x3c ..\obj\stm32f4xx_rcc.o
 .text.RCC_APB2PeriphResetCmd
                0x00000000       0x3c ..\obj\stm32f4xx_rcc.o
 .text.RCC_AHB1PeriphClockLPModeCmd
                0x00000000       0x3c ..\obj\stm32f4xx_rcc.o
 .text.RCC_AHB2PeriphClockLPModeCmd
                0x00000000       0x3c ..\obj\stm32f4xx_rcc.o
 .text.RCC_AHB3PeriphClockLPModeCmd
                0x00000000       0x3c ..\obj\stm32f4xx_rcc.o
 .text.RCC_APB1PeriphClockLPModeCmd
                0x00000000       0x3c ..\obj\stm32f4xx_rcc.o
 .text.RCC_APB2PeriphClockLPModeCmd
                0x00000000       0x3c ..\obj\stm32f4xx_rcc.o
 .text.RCC_ITConfig
                0x00000000       0x48 ..\obj\stm32f4xx_rcc.o
 .text.RCC_ClearFlag
                0x00000000       0x1c ..\obj\stm32f4xx_rcc.o
 .text.RCC_GetITStatus
                0x00000000       0x38 ..\obj\stm32f4xx_rcc.o
 .text.RCC_ClearITPendingBit
                0x00000000       0x20 ..\obj\stm32f4xx_rcc.o
 .text          0x00000000        0x0 ..\obj\timewidget.o
 .bss           0x00000000        0x0 ..\obj\timewidget.o
 .text          0x00000000        0x0 ..\obj\ili9163.o
 .data          0x00000000        0x0 ..\obj\ili9163.o
 .bss           0x00000000        0x0 ..\obj\ili9163.o
 .text.DrawRec  0x00000000      0x10c ..\obj\ili9163.o
 .text.WritePix
                0x00000000       0x34 ..\obj\ili9163.o
 .text.clearRegion
                0x00000000       0x58 ..\obj\ili9163.o
 .text          0x00000000        0x0 ..\obj\stm32f4xx_adc.o
 .data          0x00000000        0x0 ..\obj\stm32f4xx_adc.o
 .bss           0x00000000        0x0 ..\obj\stm32f4xx_adc.o
 .text.ADC_DeInit
                0x00000000       0x1c ..\obj\stm32f4xx_adc.o
 .text.ADC_Init
                0x00000000       0xa8 ..\obj\stm32f4xx_adc.o
 .text.ADC_StructInit
                0x00000000       0x3c ..\obj\stm32f4xx_adc.o
 .text.ADC_CommonInit
                0x00000000       0x50 ..\obj\stm32f4xx_adc.o
 .text.ADC_CommonStructInit
                0x00000000       0x2c ..\obj\stm32f4xx_adc.o
 .text.ADC_Cmd  0x00000000       0x38 ..\obj\stm32f4xx_adc.o
 .text.ADC_AnalogWatchdogCmd
                0x00000000       0x38 ..\obj\stm32f4xx_adc.o
 .text.ADC_AnalogWatchdogThresholdsConfig
                0x00000000       0x28 ..\obj\stm32f4xx_adc.o
 .text.ADC_AnalogWatchdogSingleChannelConfig
                0x00000000       0x38 ..\obj\stm32f4xx_adc.o
 .text.ADC_TempSensorVrefintCmd
                0x00000000       0x38 ..\obj\stm32f4xx_adc.o
 .text.ADC_VBATCmd
                0x00000000       0x38 ..\obj\stm32f4xx_adc.o
 .text.ADC_RegularChannelConfig
                0x00000000      0x188 ..\obj\stm32f4xx_adc.o
 .text.ADC_SoftwareStartConv
                0x00000000       0x20 ..\obj\stm32f4xx_adc.o
 .text.ADC_GetSoftwareStartConvStatus
                0x00000000       0x30 ..\obj\stm32f4xx_adc.o
 .text.ADC_EOCOnEachRegularChannelCmd
                0x00000000       0x38 ..\obj\stm32f4xx_adc.o
 .text.ADC_ContinuousModeCmd
                0x00000000       0x38 ..\obj\stm32f4xx_adc.o
 .text.ADC_DiscModeChannelCountConfig
                0x00000000       0x44 ..\obj\stm32f4xx_adc.o
 .text.ADC_DiscModeCmd
                0x00000000       0x38 ..\obj\stm32f4xx_adc.o
 .text.ADC_GetConversionValue
                0x00000000       0x1c ..\obj\stm32f4xx_adc.o
 .text.ADC_GetMultiModeConversionValue
                0x00000000       0x18 ..\obj\stm32f4xx_adc.o
 .text.ADC_DMACmd
                0x00000000       0x38 ..\obj\stm32f4xx_adc.o
 .text.ADC_DMARequestAfterLastTransferCmd
                0x00000000       0x38 ..\obj\stm32f4xx_adc.o
 .text.ADC_MultiModeDMARequestAfterLastTransferCmd
                0x00000000       0x38 ..\obj\stm32f4xx_adc.o
 .text.ADC_InjectedChannelConfig
                0x00000000      0x114 ..\obj\stm32f4xx_adc.o
 .text.ADC_InjectedSequencerLengthConfig
                0x00000000       0x44 ..\obj\stm32f4xx_adc.o
 .text.ADC_SetInjectedOffset
                0x00000000       0x30 ..\obj\stm32f4xx_adc.o
 .text.ADC_ExternalTrigInjectedConvConfig
                0x00000000       0x34 ..\obj\stm32f4xx_adc.o
 .text.ADC_ExternalTrigInjectedConvEdgeConfig
                0x00000000       0x34 ..\obj\stm32f4xx_adc.o
 .text.ADC_SoftwareStartInjectedConv
                0x00000000       0x20 ..\obj\stm32f4xx_adc.o
 .text.ADC_GetSoftwareStartInjectedConvCmdStatus
                0x00000000       0x30 ..\obj\stm32f4xx_adc.o
 .text.ADC_AutoInjectedConvCmd
                0x00000000       0x38 ..\obj\stm32f4xx_adc.o
 .text.ADC_InjectedDiscModeCmd
                0x00000000       0x38 ..\obj\stm32f4xx_adc.o
 .text.ADC_GetInjectedConversionValue
                0x00000000       0x30 ..\obj\stm32f4xx_adc.o
 .text.ADC_ITConfig
                0x00000000       0x50 ..\obj\stm32f4xx_adc.o
 .text.ADC_GetFlagStatus
                0x00000000       0x34 ..\obj\stm32f4xx_adc.o
 .text.ADC_ClearFlag
                0x00000000       0x20 ..\obj\stm32f4xx_adc.o
 .text.ADC_GetITStatus
                0x00000000       0x5c ..\obj\stm32f4xx_adc.o
 .text.ADC_ClearITPendingBit
                0x00000000       0x2c ..\obj\stm32f4xx_adc.o
 .debug_info    0x00000000      0xc38 ..\obj\stm32f4xx_adc.o
 .debug_abbrev  0x00000000      0x196 ..\obj\stm32f4xx_adc.o
 .debug_aranges
                0x00000000      0x148 ..\obj\stm32f4xx_adc.o
 .debug_ranges  0x00000000      0x138 ..\obj\stm32f4xx_adc.o
 .debug_line    0x00000000      0x513 ..\obj\stm32f4xx_adc.o
 .debug_str     0x00000000      0x831 ..\obj\stm32f4xx_adc.o
 .comment       0x00000000       0x71 ..\obj\stm32f4xx_adc.o
 .ARM.attributes
                0x00000000       0x39 ..\obj\stm32f4xx_adc.o
 .debug_frame   0x00000000      0x434 ..\obj\stm32f4xx_adc.o
 .text          0x00000000        0x0 ..\obj\printf.o
 .data          0x00000000      0x430 ..\obj\printf.o
 .bss           0x00000000        0x0 ..\obj\printf.o
 .text.PrintChar
                0x00000000       0x14 ..\obj\printf.o
 .text.snprintf
                0x00000000       0x30 ..\obj\printf.o
 .rodata        0x00000000       0x24 ..\obj\printf.o
 .text.vfprintf
                0x00000000       0x68 ..\obj\printf.o
 .text.vprintf  0x00000000       0x28 ..\obj\printf.o
 .text.fprintf  0x00000000       0x2c ..\obj\printf.o
 .text.printf   0x00000000       0x28 ..\obj\printf.o
 .text.puts     0x00000000       0x24 ..\obj\printf.o
 .text.fputc    0x00000000       0x40 ..\obj\printf.o
 .text.fputs    0x00000000       0x48 ..\obj\printf.o
 .text          0x00000000        0x0 ..\obj\stm32f4xx_gpio.o
 .data          0x00000000        0x0 ..\obj\stm32f4xx_gpio.o
 .bss           0x00000000        0x0 ..\obj\stm32f4xx_gpio.o
 .text.GPIO_DeInit
                0x00000000      0x120 ..\obj\stm32f4xx_gpio.o
 .text.GPIO_StructInit
                0x00000000       0x34 ..\obj\stm32f4xx_gpio.o
 .text.GPIO_PinLockConfig
                0x00000000       0x44 ..\obj\stm32f4xx_gpio.o
 .text.GPIO_ReadInputDataBit
                0x00000000       0x34 ..\obj\stm32f4xx_gpio.o
 .text.GPIO_ReadInputData
                0x00000000       0x1c ..\obj\stm32f4xx_gpio.o
 .text.GPIO_ReadOutputDataBit
                0x00000000       0x34 ..\obj\stm32f4xx_gpio.o
 .text.GPIO_ReadOutputData
                0x00000000       0x1c ..\obj\stm32f4xx_gpio.o
 .text.GPIO_WriteBit
                0x00000000       0x30 ..\obj\stm32f4xx_gpio.o
 .text.GPIO_Write
                0x00000000       0x1c ..\obj\stm32f4xx_gpio.o
 .text.GPIO_ToggleBits
                0x00000000       0x24 ..\obj\stm32f4xx_gpio.o
 .text          0x00000000        0x0 ..\obj\system_stm32f4xx.o
 .data          0x00000000       0x14 ..\obj\system_stm32f4xx.o
 .bss           0x00000000        0x0 ..\obj\system_stm32f4xx.o
 .text.SystemCoreClockUpdate
                0x00000000       0xf8 ..\obj\system_stm32f4xx.o
 .text          0x00000000        0x0 ..\obj\syscalls.o
 .data          0x00000000        0x0 ..\obj\syscalls.o
 .bss           0x00000000        0x4 ..\obj\syscalls.o
 .text._sbrk    0x00000000       0x40 ..\obj\syscalls.o
 .text.link     0x00000000       0x1c ..\obj\syscalls.o
 .text._close   0x00000000       0x18 ..\obj\syscalls.o
 .text._fstat   0x00000000       0x20 ..\obj\syscalls.o
 .text._isatty  0x00000000       0x18 ..\obj\syscalls.o
 .text._lseek   0x00000000       0x1c ..\obj\syscalls.o
 .text._read    0x00000000       0x1c ..\obj\syscalls.o
 .text._write   0x00000000       0x1c ..\obj\syscalls.o
 .text.abort    0x00000000        0x8 ..\obj\syscalls.o
 .debug_info    0x00000000      0x3ee ..\obj\syscalls.o
 .debug_abbrev  0x00000000       0xe2 ..\obj\syscalls.o
 .debug_aranges
                0x00000000       0x60 ..\obj\syscalls.o
 .debug_ranges  0x00000000       0x50 ..\obj\syscalls.o
 .debug_line    0x00000000      0x152 ..\obj\syscalls.o
 .debug_str     0x00000000      0x301 ..\obj\syscalls.o
 .comment       0x00000000       0x71 ..\obj\syscalls.o
 .ARM.attributes
                0x00000000       0x39 ..\obj\syscalls.o
 .debug_frame   0x00000000      0x108 ..\obj\syscalls.o
 .text          0x00000000        0x0 ..\obj\stm32f4xx_dma.o
 .data          0x00000000        0x0 ..\obj\stm32f4xx_dma.o
 .bss           0x00000000        0x0 ..\obj\stm32f4xx_dma.o
 .text.DMA_DeInit
                0x00000000      0x1a4 ..\obj\stm32f4xx_dma.o
 .text.DMA_StructInit
                0x00000000       0x6c ..\obj\stm32f4xx_dma.o
 .text.DMA_Cmd  0x00000000       0x38 ..\obj\stm32f4xx_dma.o
 .text.DMA_PeriphIncOffsetSizeConfig
                0x00000000       0x34 ..\obj\stm32f4xx_dma.o
 .text.DMA_FlowControllerConfig
                0x00000000       0x34 ..\obj\stm32f4xx_dma.o
 .text.DMA_SetCurrDataCounter
                0x00000000       0x1c ..\obj\stm32f4xx_dma.o
 .text.DMA_GetCurrDataCounter
                0x00000000       0x1c ..\obj\stm32f4xx_dma.o
 .text.DMA_DoubleBufferModeConfig
                0x00000000       0x3c ..\obj\stm32f4xx_dma.o
 .text.DMA_DoubleBufferModeCmd
                0x00000000       0x38 ..\obj\stm32f4xx_dma.o
 .text.DMA_MemoryTargetConfig
                0x00000000       0x2c ..\obj\stm32f4xx_dma.o
 .text.DMA_GetCurrentMemoryTarget
                0x00000000       0x30 ..\obj\stm32f4xx_dma.o
 .text.DMA_GetCmdStatus
                0x00000000       0x30 ..\obj\stm32f4xx_dma.o
 .text.DMA_GetFIFOStatus
                0x00000000       0x24 ..\obj\stm32f4xx_dma.o
 .text.DMA_GetFlagStatus
                0x00000000       0x78 ..\obj\stm32f4xx_dma.o
 .text.DMA_ClearFlag
                0x00000000       0x5c ..\obj\stm32f4xx_dma.o
 .text.DMA_ITConfig
                0x00000000       0x74 ..\obj\stm32f4xx_dma.o
 .text.DMA_GetITStatus
                0x00000000       0xb0 ..\obj\stm32f4xx_dma.o
 .text.DMA_ClearITPendingBit
                0x00000000       0x5c ..\obj\stm32f4xx_dma.o
 .text          0x00000000        0x0 ..\obj\stm32f4xx_spi.o
 .data          0x00000000        0x0 ..\obj\stm32f4xx_spi.o
 .bss           0x00000000        0x0 ..\obj\stm32f4xx_spi.o
 .text.SPI_I2S_DeInit
                0x00000000       0x74 ..\obj\stm32f4xx_spi.o
 .text.I2S_Init
                0x00000000      0x1b0 ..\obj\stm32f4xx_spi.o
 .text.SPI_StructInit
                0x00000000       0x48 ..\obj\stm32f4xx_spi.o
 .text.I2S_StructInit
                0x00000000       0x38 ..\obj\stm32f4xx_spi.o
 .text.I2S_Cmd  0x00000000       0x40 ..\obj\stm32f4xx_spi.o
 .text.SPI_DataSizeConfig
                0x00000000       0x38 ..\obj\stm32f4xx_spi.o
 .text.SPI_BiDirectionalLineConfig
                0x00000000       0x40 ..\obj\stm32f4xx_spi.o
 .text.SPI_NSSInternalSoftwareConfig
                0x00000000       0x44 ..\obj\stm32f4xx_spi.o
 .text.SPI_SSOutputCmd
                0x00000000       0x40 ..\obj\stm32f4xx_spi.o
 .text.SPI_TIModeCmd
                0x00000000       0x40 ..\obj\stm32f4xx_spi.o
 .text.I2S_FullDuplexConfig
                0x00000000       0x9c ..\obj\stm32f4xx_spi.o
 .text.SPI_I2S_ReceiveData
                0x00000000       0x1c ..\obj\stm32f4xx_spi.o
 .text.SPI_CalculateCRC
                0x00000000       0x40 ..\obj\stm32f4xx_spi.o
 .text.SPI_TransmitCRC
                0x00000000       0x24 ..\obj\stm32f4xx_spi.o
 .text.SPI_GetCRC
                0x00000000       0x34 ..\obj\stm32f4xx_spi.o
 .text.SPI_GetCRCPolynomial
                0x00000000       0x1c ..\obj\stm32f4xx_spi.o
 .text.SPI_I2S_ITConfig
                0x00000000       0x60 ..\obj\stm32f4xx_spi.o
 .text.SPI_I2S_ClearFlag
                0x00000000       0x20 ..\obj\stm32f4xx_spi.o
 .text.SPI_I2S_GetITStatus
                0x00000000       0x78 ..\obj\stm32f4xx_spi.o
 .text.SPI_I2S_ClearITPendingBit
                0x00000000       0x34 ..\obj\stm32f4xx_spi.o
 .text          0x00000000        0x0 ..\obj\stm32f4xx_exti.o
 .data          0x00000000        0x0 ..\obj\stm32f4xx_exti.o
 .bss           0x00000000        0x0 ..\obj\stm32f4xx_exti.o
 .text.EXTI_DeInit
                0x00000000       0x34 ..\obj\stm32f4xx_exti.o
 .text.EXTI_StructInit
                0x00000000       0x2c ..\obj\stm32f4xx_exti.o
 .text.EXTI_GenerateSWInterrupt
                0x00000000       0x24 ..\obj\stm32f4xx_exti.o
 .text.EXTI_GetFlagStatus
                0x00000000       0x34 ..\obj\stm32f4xx_exti.o
 .text.EXTI_ClearFlag
                0x00000000       0x1c ..\obj\stm32f4xx_exti.o
 .text          0x00000000        0x0 ..\obj\misc.o
 .data          0x00000000        0x0 ..\obj\misc.o
 .bss           0x00000000        0x0 ..\obj\misc.o
 .text.NVIC_PriorityGroupConfig
                0x00000000       0x24 ..\obj\misc.o
 .text.NVIC_SetVectorTable
                0x00000000       0x2c ..\obj\misc.o
 .text.NVIC_SystemLPConfig
                0x00000000       0x40 ..\obj\misc.o
 .text.SysTick_CLKSourceConfig
                0x00000000       0x38 ..\obj\misc.o
 .text          0x00000000        0x0 ..\obj\bluetooth_usart.o
 .data          0x00000000        0x0 ..\obj\bluetooth_usart.o
 .text          0x00000000        0x0 ..\obj\stm32f4xx_rtc.o
 .data          0x00000000        0x0 ..\obj\stm32f4xx_rtc.o
 .bss           0x00000000        0x0 ..\obj\stm32f4xx_rtc.o
 .text.RTC_DeInit
                0x00000000       0xdc ..\obj\stm32f4xx_rtc.o
 .text.RTC_StructInit
                0x00000000       0x24 ..\obj\stm32f4xx_rtc.o
 .text.RTC_WriteProtectionCmd
                0x00000000       0x34 ..\obj\stm32f4xx_rtc.o
 .text.RTC_RefClockCmd
                0x00000000       0x68 ..\obj\stm32f4xx_rtc.o
 .text.RTC_BypassShadowCmd
                0x00000000       0x4c ..\obj\stm32f4xx_rtc.o
 .text.RTC_TimeStructInit
                0x00000000       0x2c ..\obj\stm32f4xx_rtc.o
 .text.RTC_GetSubSecond
                0x00000000       0x28 ..\obj\stm32f4xx_rtc.o
 .text.RTC_DateStructInit
                0x00000000       0x2c ..\obj\stm32f4xx_rtc.o
 .text.RTC_SetAlarm
                0x00000000      0x138 ..\obj\stm32f4xx_rtc.o
 .text.RTC_AlarmStructInit
                0x00000000       0x3c ..\obj\stm32f4xx_rtc.o
 .text.RTC_GetAlarm
                0x00000000       0xd8 ..\obj\stm32f4xx_rtc.o
 .text.RTC_AlarmCmd
                0x00000000       0x9c ..\obj\stm32f4xx_rtc.o
 .text.RTC_AlarmSubSecondConfig
                0x00000000       0x50 ..\obj\stm32f4xx_rtc.o
 .text.RTC_GetAlarmSubSecond
                0x00000000       0x3c ..\obj\stm32f4xx_rtc.o
 .text.RTC_WakeUpClockConfig
                0x00000000       0x40 ..\obj\stm32f4xx_rtc.o
 .text.RTC_SetWakeUpCounter
                0x00000000       0x30 ..\obj\stm32f4xx_rtc.o
 .text.RTC_GetWakeUpCounter
                0x00000000       0x18 ..\obj\stm32f4xx_rtc.o
 .text.RTC_WakeUpCmd
                0x00000000       0x94 ..\obj\stm32f4xx_rtc.o
 .text.RTC_DayLightSavingConfig
                0x00000000       0x48 ..\obj\stm32f4xx_rtc.o
 .text.RTC_GetStoreOperation
                0x00000000       0x1c ..\obj\stm32f4xx_rtc.o
 .text.RTC_OutputConfig
                0x00000000       0x48 ..\obj\stm32f4xx_rtc.o
 .text.RTC_CoarseCalibConfig
                0x00000000       0x50 ..\obj\stm32f4xx_rtc.o
 .text.RTC_CoarseCalibCmd
                0x00000000       0x68 ..\obj\stm32f4xx_rtc.o
 .text.RTC_CalibOutputCmd
                0x00000000       0x4c ..\obj\stm32f4xx_rtc.o
 .text.RTC_CalibOutputConfig
                0x00000000       0x40 ..\obj\stm32f4xx_rtc.o
 .text.RTC_SmoothCalibConfig
                0x00000000       0x84 ..\obj\stm32f4xx_rtc.o
 .text.RTC_TimeStampCmd
                0x00000000       0x60 ..\obj\stm32f4xx_rtc.o
 .text.RTC_GetTimeStamp
                0x00000000      0x114 ..\obj\stm32f4xx_rtc.o
 .text.RTC_GetTimeStampSubSecond
                0x00000000       0x18 ..\obj\stm32f4xx_rtc.o
 .text.RTC_TamperTriggerConfig
                0x00000000       0x40 ..\obj\stm32f4xx_rtc.o
 .text.RTC_TamperCmd
                0x00000000       0x3c ..\obj\stm32f4xx_rtc.o
 .text.RTC_TamperFilterConfig
                0x00000000       0x30 ..\obj\stm32f4xx_rtc.o
 .text.RTC_TamperSamplingFreqConfig
                0x00000000       0x30 ..\obj\stm32f4xx_rtc.o
 .text.RTC_TamperPinsPrechargeDuration
                0x00000000       0x30 ..\obj\stm32f4xx_rtc.o
 .text.RTC_TimeStampOnTamperDetectionCmd
                0x00000000       0x38 ..\obj\stm32f4xx_rtc.o
 .text.RTC_TamperPullUpCmd
                0x00000000       0x38 ..\obj\stm32f4xx_rtc.o
 .text.RTC_ReadBackupRegister
                0x00000000       0x30 ..\obj\stm32f4xx_rtc.o
 .text.RTC_TamperPinSelection
                0x00000000       0x30 ..\obj\stm32f4xx_rtc.o
 .text.RTC_TimeStampPinSelection
                0x00000000       0x30 ..\obj\stm32f4xx_rtc.o
 .text.RTC_OutputTypeConfig
                0x00000000       0x30 ..\obj\stm32f4xx_rtc.o
 .text.RTC_SynchroShiftConfig
                0x00000000       0x9c ..\obj\stm32f4xx_rtc.o
 .text.RTC_ITConfig
                0x00000000       0x78 ..\obj\stm32f4xx_rtc.o
 .text.RTC_GetFlagStatus
                0x00000000       0x44 ..\obj\stm32f4xx_rtc.o
 .text.RTC_ClearFlag
                0x00000000       0x30 ..\obj\stm32f4xx_rtc.o
 .text.RTC_GetITStatus
                0x00000000       0x68 ..\obj\stm32f4xx_rtc.o
 .text.RTC_ClearITPendingBit
                0x00000000       0x38 ..\obj\stm32f4xx_rtc.o
 .text          0x00000000        0x0 ..\obj\keyinputs.o
 .data          0x00000000        0x0 ..\obj\keyinputs.o
 .bss           0x00000000        0x0 ..\obj\keyinputs.o

Memory Configuration

Name             Origin             Length             Attributes
rom              0x08000000         0x00100000         xr
ram              0x20000000         0x00020000         xrw
ram1             0x10000000         0x00010000         xrw
*default*        0x00000000         0xffffffff

Linker script and memory map

                0x20020000                _eram = 0x20020000

.text           0x08000000     0xaaf4
 *(.isr_vector)
 .isr_vector    0x08000000      0x188 ..\obj\startup_stm32f4xx.o
                0x08000000                g_pfnVectors
 *(.text*)
 .text.SYSCFG_EXTILineConfig
                0x08000188       0x7c ..\obj\stm32f4xx_syscfg.o
                0x08000188                SYSCFG_EXTILineConfig
 .text.USART_Init
                0x08000204      0x174 ..\obj\stm32f4xx_usart.o
                0x08000204                USART_Init
 .text.USART_Cmd
                0x08000378       0x40 ..\obj\stm32f4xx_usart.o
                0x08000378                USART_Cmd
 .text.USART_SendData
                0x080003b8       0x24 ..\obj\stm32f4xx_usart.o
                0x080003b8                USART_SendData
 .text.USART_ReceiveData
                0x080003dc       0x20 ..\obj\stm32f4xx_usart.o
                0x080003dc                USART_ReceiveData
 .text.USART_ITConfig
                0x080003fc       0x90 ..\obj\stm32f4xx_usart.o
                0x080003fc                USART_ITConfig
 .text.USART_GetFlagStatus
                0x0800048c       0x38 ..\obj\stm32f4xx_usart.o
                0x0800048c                USART_GetFlagStatus
 .text.USART_GetITStatus
                0x080004c4       0xb0 ..\obj\stm32f4xx_usart.o
                0x080004c4                USART_GetITStatus
 .text.PWR_BackupAccessCmd
                0x08000574       0x20 ..\obj\stm32f4xx_pwr.o
                0x08000574                PWR_BackupAccessCmd
 .text.Default_Reset_Handler
                0x08000594       0x70 ..\obj\startup_stm32f4xx.o
                0x08000594                Default_Reset_Handler
                0x08000594                Reset_Handler
 .text.Default_Handler
                0x08000604        0x8 ..\obj\startup_stm32f4xx.o
                0x08000604                RTC_Alarm_IRQHandler
                0x08000604                HASH_RNG_IRQHandler
                0x08000604                EXTI2_IRQHandler
                0x08000604                TIM8_CC_IRQHandler
                0x08000604                DebugMon_Handler
                0x08000604                TIM1_CC_IRQHandler
                0x08000604                DMA2_Stream5_IRQHandler
                0x08000604                HardFault_Handler
                0x08000604                DMA1_Stream5_IRQHandler
                0x08000604                SysTick_Handler
                0x08000604                PVD_IRQHandler
                0x08000604                SDIO_IRQHandler
                0x08000604                TAMP_STAMP_IRQHandler
                0x08000604                PendSV_Handler
                0x08000604                NMI_Handler
                0x08000604                CAN2_RX1_IRQHandler
                0x08000604                EXTI3_IRQHandler
                0x08000604                TIM8_TRG_COM_TIM14_IRQHandler
                0x08000604                TIM1_UP_TIM10_IRQHandler
                0x08000604                TIM8_UP_TIM13_IRQHandler
                0x08000604                I2C3_ER_IRQHandler
                0x08000604                I2C2_EV_IRQHandler
                0x08000604                DMA1_Stream2_IRQHandler
                0x08000604                CAN1_RX0_IRQHandler
                0x08000604                FPU_IRQHandler
                0x08000604                OTG_HS_WKUP_IRQHandler
                0x08000604                UsageFault_Handler
                0x08000604                CAN2_SCE_IRQHandler
                0x08000604                DMA2_Stream2_IRQHandler
                0x08000604                SPI1_IRQHandler
                0x08000604                TIM6_DAC_IRQHandler
                0x08000604                TIM1_BRK_TIM9_IRQHandler
                0x08000604                DCMI_IRQHandler
                0x08000604                CAN2_RX0_IRQHandler
                0x08000604                DMA2_Stream3_IRQHandler
                0x08000604                USART6_IRQHandler
                0x08000604                USART3_IRQHandler
                0x08000604                CRYP_IRQHandler
                0x08000604                CAN1_RX1_IRQHandler
                0x08000604                UART5_IRQHandler
                0x08000604                DMA2_Stream0_IRQHandler
                0x08000604                TIM4_IRQHandler
                0x08000604                I2C1_EV_IRQHandler
                0x08000604                DMA1_Stream6_IRQHandler
                0x08000604                DMA1_Stream1_IRQHandler
                0x08000604                UART4_IRQHandler
                0x08000604                TIM3_IRQHandler
                0x08000604                RCC_IRQHandler
                0x08000604                TIM8_BRK_TIM12_IRQHandler
                0x08000604                EXTI15_10_IRQHandler
                0x08000604                ADC_IRQHandler
                0x08000604                DMA1_Stream7_IRQHandler
                0x08000604                TIM7_IRQHandler
                0x08000604                CAN2_TX_IRQHandler
                0x08000604                TIM5_IRQHandler
                0x08000604                DMA2_Stream7_IRQHandler
                0x08000604                I2C3_EV_IRQHandler
                0x08000604                EXTI9_5_IRQHandler
                0x08000604                RTC_WKUP_IRQHandler
                0x08000604                ETH_WKUP_IRQHandler
                0x08000604                SPI2_IRQHandler
                0x08000604                OTG_HS_EP1_IN_IRQHandler
                0x08000604                MemManage_Handler
                0x08000604                DMA1_Stream0_IRQHandler
                0x08000604                CAN1_TX_IRQHandler
                0x08000604                SVC_Handler
                0x08000604                EXTI4_IRQHandler
                0x08000604                FSMC_IRQHandler
                0x08000604                ETH_IRQHandler
                0x08000604                OTG_HS_EP1_OUT_IRQHandler
                0x08000604                WWDG_IRQHandler
                0x08000604                TIM2_IRQHandler
                0x08000604                OTG_FS_WKUP_IRQHandler
                0x08000604                TIM1_TRG_COM_TIM11_IRQHandler
                0x08000604                OTG_HS_IRQHandler
                0x08000604                EXTI1_IRQHandler
                0x08000604                USART2_IRQHandler
                0x08000604                I2C2_ER_IRQHandler
                0x08000604                DMA2_Stream1_IRQHandler
                0x08000604                CAN1_SCE_IRQHandler
                0x08000604                FLASH_IRQHandler
                0x08000604                DMA2_Stream4_IRQHandler
                0x08000604                BusFault_Handler
                0x08000604                OTG_FS_IRQHandler
                0x08000604                SPI3_IRQHandler
                0x08000604                DMA1_Stream4_IRQHandler
                0x08000604                I2C1_ER_IRQHandler
                0x08000604                DMA2_Stream6_IRQHandler
                0x08000604                DMA1_Stream3_IRQHandler
 .text.main     0x0800060c       0x50 ..\obj\main.o
                0x0800060c                main
 .text.RCC_LSICmd
                0x0800065c       0x20 ..\obj\stm32f4xx_rcc.o
                0x0800065c                RCC_LSICmd
 .text.RCC_GetClocksFreq
                0x0800067c      0x154 ..\obj\stm32f4xx_rcc.o
                0x0800067c                RCC_GetClocksFreq
 .text.RCC_RTCCLKConfig
                0x080007d0       0x5c ..\obj\stm32f4xx_rcc.o
                0x080007d0                RCC_RTCCLKConfig
 .text.RCC_RTCCLKCmd
                0x0800082c       0x20 ..\obj\stm32f4xx_rcc.o
                0x0800082c                RCC_RTCCLKCmd
 .text.RCC_AHB1PeriphClockCmd
                0x0800084c       0x3c ..\obj\stm32f4xx_rcc.o
                0x0800084c                RCC_AHB1PeriphClockCmd
 .text.RCC_APB1PeriphClockCmd
                0x08000888       0x3c ..\obj\stm32f4xx_rcc.o
                0x08000888                RCC_APB1PeriphClockCmd
 .text.RCC_APB2PeriphClockCmd
                0x080008c4       0x3c ..\obj\stm32f4xx_rcc.o
                0x080008c4                RCC_APB2PeriphClockCmd
 .text.RCC_GetFlagStatus
                0x08000900       0x74 ..\obj\stm32f4xx_rcc.o
                0x08000900                RCC_GetFlagStatus
 .text.RTC_Configuration
                0x08000974       0xb4 ..\obj\timewidget.o
                0x08000974                RTC_Configuration
 .text.TimeWidget
                0x08000a28      0x16c ..\obj\timewidget.o
                0x08000a28                TimeWidget
 .text.initGPIO
                0x08000b94       0x6c ..\obj\ili9163.o
                0x08000b94                initGPIO
 .text.initDMA  0x08000c00       0x78 ..\obj\ili9163.o
                0x08000c00                initDMA
 .text.initSPI3
                0x08000c78       0x68 ..\obj\ili9163.o
                0x08000c78                initSPI3
 .text.writeCommand
                0x08000ce0       0x3c ..\obj\ili9163.o
                0x08000ce0                writeCommand
 .text.writeData
                0x08000d1c       0x3c ..\obj\ili9163.o
                0x08000d1c                writeData
 .text.writeData16
                0x08000d58       0x58 ..\obj\ili9163.o
                0x08000d58                writeData16
 .text.SetAddr  0x08000db0       0x70 ..\obj\ili9163.o
                0x08000db0                SetAddr
 .text.PChar    0x08000e20      0x100 ..\obj\ili9163.o
                0x08000e20                PChar
 .text.StrLen   0x08000f20       0x38 ..\obj\ili9163.o
                0x08000f20                StrLen
 .text.PStr     0x08000f58       0x5c ..\obj\ili9163.o
                0x08000f58                PStr
 .text.SetScrn  0x08000fb4       0xe8 ..\obj\ili9163.o
                0x08000fb4                SetScrn
 .text.PCol     0x0800109c       0x18 ..\obj\ili9163.o
                0x0800109c                PCol
 .text.setMainScreen
                0x080010b4       0x50 ..\obj\ili9163.o
                0x080010b4                setMainScreen
 .text.initLCD  0x08001104      0x238 ..\obj\ili9163.o
                0x08001104                initLCD
 .text.PutChar  0x0800133c       0x20 ..\obj\printf.o
                0x0800133c                PutChar
 .text.PutString
                0x0800135c       0x3c ..\obj\printf.o
                0x0800135c                PutString
 .text.PutUnsignedInt
                0x08001398       0xa0 ..\obj\printf.o
                0x08001398                PutUnsignedInt
 .text.PutSignedInt
                0x08001438       0xfc ..\obj\printf.o
                0x08001438                PutSignedInt
 .text.PutHexa  0x08001534       0xd4 ..\obj\printf.o
                0x08001534                PutHexa
 .text.vsnprintf
                0x08001608      0x254 ..\obj\printf.o
                0x08001608                vsnprintf
 .text.vsprintf
                0x0800185c       0x24 ..\obj\printf.o
                0x0800185c                vsprintf
 .text.sprintf  0x08001880       0x2c ..\obj\printf.o
                0x08001880                sprintf
 .text.GPIO_Init
                0x080018ac      0x11c ..\obj\stm32f4xx_gpio.o
                0x080018ac                GPIO_Init
 .text.GPIO_SetBits
                0x080019c8       0x1c ..\obj\stm32f4xx_gpio.o
                0x080019c8                GPIO_SetBits
 .text.GPIO_ResetBits
                0x080019e4       0x1c ..\obj\stm32f4xx_gpio.o
                0x080019e4                GPIO_ResetBits
 .text.GPIO_PinAFConfig
                0x08001a00       0x8c ..\obj\stm32f4xx_gpio.o
                0x08001a00                GPIO_PinAFConfig
 .text.SystemInit
                0x08001a8c       0x68 ..\obj\system_stm32f4xx.o
                0x08001a8c                SystemInit
 .text.SetSysClock
                0x08001af4       0x34 ..\obj\system_stm32f4xx.o
 .text.DMA_Init
                0x08001b28       0xac ..\obj\stm32f4xx_dma.o
                0x08001b28                DMA_Init
 .text.SPI_Init
                0x08001bd4       0x88 ..\obj\stm32f4xx_spi.o
                0x08001bd4                SPI_Init
 .text.SPI_Cmd  0x08001c5c       0x40 ..\obj\stm32f4xx_spi.o
                0x08001c5c                SPI_Cmd
 .text.SPI_I2S_SendData
                0x08001c9c       0x1c ..\obj\stm32f4xx_spi.o
                0x08001c9c                SPI_I2S_SendData
 .text.SPI_I2S_DMACmd
                0x08001cb8       0x48 ..\obj\stm32f4xx_spi.o
                0x08001cb8                SPI_I2S_DMACmd
 .text.SPI_I2S_GetFlagStatus
                0x08001d00       0x38 ..\obj\stm32f4xx_spi.o
                0x08001d00                SPI_I2S_GetFlagStatus
 .text.EXTI_Init
                0x08001d38       0xdc ..\obj\stm32f4xx_exti.o
                0x08001d38                EXTI_Init
 .text.EXTI_GetITStatus
                0x08001e14       0x48 ..\obj\stm32f4xx_exti.o
                0x08001e14                EXTI_GetITStatus
 .text.EXTI_ClearITPendingBit
                0x08001e5c       0x1c ..\obj\stm32f4xx_exti.o
                0x08001e5c                EXTI_ClearITPendingBit
 .text.NVIC_Init
                0x08001e78       0xbc ..\obj\misc.o
                0x08001e78                NVIC_Init
 .text.USART1_IRQHandler
                0x08001f34       0xa4 ..\obj\bluetooth_usart.o
                0x08001f34                USART1_IRQHandler
 .text.init_USART1
                0x08001fd8       0xb4 ..\obj\bluetooth_usart.o
                0x08001fd8                init_USART1
 .text.USART_puts
                0x0800208c       0x44 ..\obj\bluetooth_usart.o
                0x0800208c                USART_puts
 .text.RTC_Init
                0x080020d0       0x78 ..\obj\stm32f4xx_rtc.o
                0x080020d0                RTC_Init
 .text.RTC_EnterInitMode
                0x08002148       0x74 ..\obj\stm32f4xx_rtc.o
                0x08002148                RTC_EnterInitMode
 .text.RTC_ExitInitMode
                0x080021bc       0x1c ..\obj\stm32f4xx_rtc.o
                0x080021bc                RTC_ExitInitMode
 .text.RTC_WaitForSynchro
                0x080021d8       0x78 ..\obj\stm32f4xx_rtc.o
                0x080021d8                RTC_WaitForSynchro
 .text.RTC_SetTime
                0x08002250      0x104 ..\obj\stm32f4xx_rtc.o
                0x08002250                RTC_SetTime
 .text.RTC_GetTime
                0x08002354       0x9c ..\obj\stm32f4xx_rtc.o
                0x08002354                RTC_GetTime
 .text.RTC_SetDate
                0x080023f0      0x10c ..\obj\stm32f4xx_rtc.o
                0x080023f0                RTC_SetDate
 .text.RTC_GetDate
                0x080024fc       0x9c ..\obj\stm32f4xx_rtc.o
                0x080024fc                RTC_GetDate
 .text.RTC_WriteBackupRegister
                0x08002598       0x30 ..\obj\stm32f4xx_rtc.o
                0x08002598                RTC_WriteBackupRegister
 .text.RTC_ByteToBcd2
                0x080025c8       0x3c ..\obj\stm32f4xx_rtc.o
 .text.RTC_Bcd2ToByte
                0x08002604       0x38 ..\obj\stm32f4xx_rtc.o
 .text.EXTI0_IRQHandler
                0x0800263c       0x18 ..\obj\keyinputs.o
                0x0800263c                EXTI0_IRQHandler
 .text.initButton
                0x08002654       0x74 ..\obj\keyinputs.o
                0x08002654                initButton
 *(.init)
 *(.fini)
 *crtbegin.o(.ctors)
 *crtbegin?.o(.ctors)
 *(EXCLUDE_FILE(*crtend.o *crtend?.o) .ctors)
 *(SORT(.ctors.*))
 *(.ctors)
 *crtbegin.o(.dtors)
 *crtbegin?.o(.dtors)
 *(EXCLUDE_FILE(*crtend.o *crtend?.o) .dtors)
 *(SORT(.dtors.*))
 *(.dtors)
 *(.rodata*)
 .rodata        0x080026c8       0x14 ..\obj\main.o
 .rodata        0x080026dc       0x58 ..\obj\timewidget.o
 .rodata        0x08002734     0x83c0 ..\obj\ili9163.o
 *(.eh_fram e*)

.glue_7         0x0800aaf4        0x0
 .glue_7        0x00000000        0x0 linker stubs

.glue_7t        0x0800aaf4        0x0
 .glue_7t       0x00000000        0x0 linker stubs

.vfp11_veneer   0x0800aaf4        0x0
 .vfp11_veneer  0x00000000        0x0 linker stubs

.v4_bx          0x0800aaf4        0x0
 .v4_bx         0x00000000        0x0 linker stubs

.iplt           0x0800aaf4        0x0
 .iplt          0x00000000        0x0 ..\obj\stm32f4xx_syscfg.o

.rel.dyn        0x0800aaf4        0x0
 .rel.iplt      0x00000000        0x0 ..\obj\stm32f4xx_syscfg.o

.ARM.extab
 *(.ARM.extab* .gnu.linkonce.armextab.*)
                0x0800aaf4                __exidx_start = .

.ARM.exidx
 *(.ARM.exidx* .gnu.linkonce.armexidx.*)
                0x0800aaf4                __exidx_end = .
                0x0800aaf4                __etext = .
                0x0800aaf4                _sidata = __etext

.data           0x20000000       0x70 load address 0x0800aaf4
                0x20000000                __data_start__ = .
                0x20000000                _sdata = __data_start__
 *(vtable)
 *(.data*)
 .data          0x20000000       0x10 ..\obj\stm32f4xx_rcc.o
 .data          0x20000010       0x60 ..\obj\timewidget.o
                0x20000010                timeHex
                0x20000050                days
                0x20000070                . = ALIGN (0x4)
                0x20000070                PROVIDE (__preinit_array_start, .)
 *(.preinit_array)
                0x20000070                PROVIDE (__preinit_array_end, .)
                0x20000070                . = ALIGN (0x4)
                0x20000070                PROVIDE (__init_array_start, .)
 *(SORT(.init_array.*))
 *(.init_array)
                0x20000070                PROVIDE (__init_array_end, .)
                0x20000070                . = ALIGN (0x4)
                0x20000070                PROVIDE (__fini_array_start, .)
 *(SORT(.fini_array.*))
 *(.fini_array)
                0x20000070                PROVIDE (__fini_array_end, .)
 *(.jcr*)
                0x20000070                . = ALIGN (0x4)
                0x20000070                __data_end__ = .
                0x20000070                _edata = __data_end__

.igot.plt       0x20000070        0x0 load address 0x0800ab64
 .igot.plt      0x00000000        0x0 ..\obj\stm32f4xx_syscfg.o

.bss            0x20000070     0x406c load address 0x0800ab64
                0x20000070                . = ALIGN (0x4)
                0x20000070                __bss_start__ = .
                0x20000070                _sbss = __bss_start__
 *(.bss*)
 .bss           0x20000070        0x4 ..\obj\bluetooth_usart.o
                0x20000070                currentPos
 *(COMMON)
 COMMON         0x20000074     0x4058 ..\obj\ili9163.o
                0x20000074                dma_is
                0x200000b0                SPI_InitDef
                0x200000c4                GP_InitDef
                0x200000cc                Buffer
 COMMON         0x200040cc       0x10 ..\obj\bluetooth_usart.o
                0x200040cc                conf
                0x200040dc                . = ALIGN (0x4)
                0x200040dc                __bss_end__ = .
                0x200040dc                _ebss = __bss_end__

.heap           0x200040dc        0x0
                0x200040dc                __end__ = .
                0x200040dc                _end = __end__
                0x200040dc                end = __end__
 *(.heap*)
                0x200040dc                __HeapLimit = .

.co_stack       0x200040dc      0x804 load address 0x0800ebd0
                0x200040e0                . = ALIGN (0x8)
 *fill*         0x200040dc        0x4 
 *(.co_stack .co_stack.*)
 .co_stack      0x200040e0      0x800 ..\obj\startup_stm32f4xx.o
                0x200040e0                pulStack
                0x20020000                __StackTop = (ORIGIN (ram) + 0x20000)
                0x2001f7fc                __StackLimit = (__StackTop - SIZEOF (.co_stack))
                0x20020000                PROVIDE (__stack, __StackTop)
                0x00000001                ASSERT ((__StackLimit >= __HeapLimit), region ram  overflowed with stack)
LOAD ..\obj\stm32f4xx_syscfg.o
LOAD ..\obj\stm32f4xx_usart.o
LOAD ..\obj\stm32f4xx_pwr.o
LOAD ..\obj\startup_stm32f4xx.o
LOAD ..\obj\main.o
LOAD ..\obj\stm32f4xx_rcc.o
LOAD ..\obj\timewidget.o
LOAD ..\obj\ili9163.o
LOAD ..\obj\stm32f4xx_adc.o
LOAD ..\obj\printf.o
LOAD ..\obj\stm32f4xx_gpio.o
LOAD ..\obj\system_stm32f4xx.o
LOAD ..\obj\syscalls.o
LOAD ..\obj\stm32f4xx_dma.o
LOAD ..\obj\stm32f4xx_spi.o
LOAD ..\obj\stm32f4xx_exti.o
LOAD ..\obj\misc.o
LOAD ..\obj\bluetooth_usart.o
LOAD ..\obj\stm32f4xx_rtc.o
LOAD ..\obj\keyinputs.o
START GROUP
LOAD c:/stm32f4toolchain/bin/../lib/gcc/arm-none-eabi/4.8.4/armv7e-m/fpu\libgcc.a
LOAD c:/stm32f4toolchain/bin/../lib/gcc/arm-none-eabi/4.8.4/../../../../arm-none-eabi/lib/armv7e-m/fpu\libg.a
LOAD c:/stm32f4toolchain/bin/../lib/gcc/arm-none-eabi/4.8.4/../../../../arm-none-eabi/lib/armv7e-m/fpu\libc.a
END GROUP
OUTPUT(SPILCDTest.elf elf32-littlearm)

.debug_info     0x00000000     0x8392
 .debug_info    0x00000000      0x26c ..\obj\stm32f4xx_syscfg.o
 .debug_info    0x0000026c      0x9c2 ..\obj\stm32f4xx_usart.o
 .debug_info    0x00000c2e      0x4fc ..\obj\stm32f4xx_pwr.o
 .debug_info    0x0000112a      0x102 ..\obj\startup_stm32f4xx.o
 .debug_info    0x0000122c      0x210 ..\obj\main.o
 .debug_info    0x0000143c      0xc4d ..\obj\stm32f4xx_rcc.o
 .debug_info    0x00002089      0x3f1 ..\obj\timewidget.o
 .debug_info    0x0000247a      0xc8f ..\obj\ili9163.o
 .debug_info    0x00003109      0xe38 ..\obj\printf.o
 .debug_info    0x00003f41      0x602 ..\obj\stm32f4xx_gpio.o
 .debug_info    0x00004543      0x514 ..\obj\system_stm32f4xx.o
 .debug_info    0x00004a57      0x739 ..\obj\stm32f4xx_dma.o
 .debug_info    0x00005190      0xb07 ..\obj\stm32f4xx_spi.o
 .debug_info    0x00005c97      0x347 ..\obj\stm32f4xx_exti.o
 .debug_info    0x00005fde      0x53d ..\obj\misc.o
 .debug_info    0x0000651b      0x789 ..\obj\bluetooth_usart.o
 .debug_info    0x00006ca4     0x10df ..\obj\stm32f4xx_rtc.o
 .debug_info    0x00007d83      0x60f ..\obj\keyinputs.o

.debug_abbrev   0x00000000     0x1a03
 .debug_abbrev  0x00000000      0x131 ..\obj\stm32f4xx_syscfg.o
 .debug_abbrev  0x00000131      0x155 ..\obj\stm32f4xx_usart.o
 .debug_abbrev  0x00000286      0x17f ..\obj\stm32f4xx_pwr.o
 .debug_abbrev  0x00000405       0xd1 ..\obj\startup_stm32f4xx.o
 .debug_abbrev  0x000004d6       0xc0 ..\obj\main.o
 .debug_abbrev  0x00000596      0x1e3 ..\obj\stm32f4xx_rcc.o
 .debug_abbrev  0x00000779      0x162 ..\obj\timewidget.o
 .debug_abbrev  0x000008db      0x1f2 ..\obj\ili9163.o
 .debug_abbrev  0x00000acd      0x27e ..\obj\printf.o
 .debug_abbrev  0x00000d4b      0x1a3 ..\obj\stm32f4xx_gpio.o
 .debug_abbrev  0x00000eee      0x115 ..\obj\system_stm32f4xx.o
 .debug_abbrev  0x00001003      0x155 ..\obj\stm32f4xx_dma.o
 .debug_abbrev  0x00001158      0x167 ..\obj\stm32f4xx_spi.o
 .debug_abbrev  0x000012bf      0x1a5 ..\obj\stm32f4xx_exti.o
 .debug_abbrev  0x00001464      0x145 ..\obj\misc.o
 .debug_abbrev  0x000015a9      0x17d ..\obj\bluetooth_usart.o
 .debug_abbrev  0x00001726      0x1ae ..\obj\stm32f4xx_rtc.o
 .debug_abbrev  0x000018d4      0x12f ..\obj\keyinputs.o

.debug_aranges  0x00000000      0xa00
 .debug_aranges
                0x00000000       0x48 ..\obj\stm32f4xx_syscfg.o
 .debug_aranges
                0x00000048      0x100 ..\obj\stm32f4xx_usart.o
 .debug_aranges
                0x00000148       0x78 ..\obj\stm32f4xx_pwr.o
 .debug_aranges
                0x000001c0       0x28 ..\obj\startup_stm32f4xx.o
 .debug_aranges
                0x000001e8       0x20 ..\obj\main.o
 .debug_aranges
                0x00000208      0x178 ..\obj\stm32f4xx_rcc.o
 .debug_aranges
                0x00000380       0x28 ..\obj\timewidget.o
 .debug_aranges
                0x000003a8       0xa0 ..\obj\ili9163.o
 .debug_aranges
                0x00000448       0xa0 ..\obj\printf.o
 .debug_aranges
                0x000004e8       0x88 ..\obj\stm32f4xx_gpio.o
 .debug_aranges
                0x00000570       0x30 ..\obj\system_stm32f4xx.o
 .debug_aranges
                0x000005a0       0xb0 ..\obj\stm32f4xx_dma.o
 .debug_aranges
                0x00000650       0xe0 ..\obj\stm32f4xx_spi.o
 .debug_aranges
                0x00000730       0x58 ..\obj\stm32f4xx_exti.o
 .debug_aranges
                0x00000788       0x40 ..\obj\misc.o
 .debug_aranges
                0x000007c8       0x30 ..\obj\bluetooth_usart.o
 .debug_aranges
                0x000007f8      0x1e0 ..\obj\stm32f4xx_rtc.o
 .debug_aranges
                0x000009d8       0x28 ..\obj\keyinputs.o

.debug_ranges   0x00000000      0x8e0
 .debug_ranges  0x00000000       0x38 ..\obj\stm32f4xx_syscfg.o
 .debug_ranges  0x00000038       0xf0 ..\obj\stm32f4xx_usart.o
 .debug_ranges  0x00000128       0x68 ..\obj\stm32f4xx_pwr.o
 .debug_ranges  0x00000190       0x18 ..\obj\startup_stm32f4xx.o
 .debug_ranges  0x000001a8       0x10 ..\obj\main.o
 .debug_ranges  0x000001b8      0x168 ..\obj\stm32f4xx_rcc.o
 .debug_ranges  0x00000320       0x18 ..\obj\timewidget.o
 .debug_ranges  0x00000338       0x90 ..\obj\ili9163.o
 .debug_ranges  0x000003c8       0x90 ..\obj\printf.o
 .debug_ranges  0x00000458       0x78 ..\obj\stm32f4xx_gpio.o
 .debug_ranges  0x000004d0       0x20 ..\obj\system_stm32f4xx.o
 .debug_ranges  0x000004f0       0xa0 ..\obj\stm32f4xx_dma.o
 .debug_ranges  0x00000590       0xd0 ..\obj\stm32f4xx_spi.o
 .debug_ranges  0x00000660       0x48 ..\obj\stm32f4xx_exti.o
 .debug_ranges  0x000006a8       0x30 ..\obj\misc.o
 .debug_ranges  0x000006d8       0x20 ..\obj\bluetooth_usart.o
 .debug_ranges  0x000006f8      0x1d0 ..\obj\stm32f4xx_rtc.o
 .debug_ranges  0x000008c8       0x18 ..\obj\keyinputs.o

.debug_line     0x00000000     0x371e
 .debug_line    0x00000000      0x1d9 ..\obj\stm32f4xx_syscfg.o
 .debug_line    0x000001d9      0x463 ..\obj\stm32f4xx_usart.o
 .debug_line    0x0000063c      0x277 ..\obj\stm32f4xx_pwr.o
 .debug_line    0x000008b3       0xa2 ..\obj\startup_stm32f4xx.o
 .debug_line    0x00000955      0x196 ..\obj\main.o
 .debug_line    0x00000aeb      0x55b ..\obj\stm32f4xx_rcc.o
 .debug_line    0x00001046      0x20f ..\obj\timewidget.o
 .debug_line    0x00001255      0x4f5 ..\obj\ili9163.o
 .debug_line    0x0000174a      0x328 ..\obj\printf.o
 .debug_line    0x00001a72      0x300 ..\obj\stm32f4xx_gpio.o
 .debug_line    0x00001d72      0x1aa ..\obj\system_stm32f4xx.o
 .debug_line    0x00001f1c      0x39d ..\obj\stm32f4xx_dma.o
 .debug_line    0x000022b9      0x413 ..\obj\stm32f4xx_spi.o
 .debug_line    0x000026cc      0x266 ..\obj\stm32f4xx_exti.o
 .debug_line    0x00002932      0x206 ..\obj\misc.o
 .debug_line    0x00002b38      0x22c ..\obj\bluetooth_usart.o
 .debug_line    0x00002d64      0x7ce ..\obj\stm32f4xx_rtc.o
 .debug_line    0x00003532      0x1ec ..\obj\keyinputs.o

.debug_str      0x00000000     0x35c4
 .debug_str     0x00000000      0x2c3 ..\obj\stm32f4xx_syscfg.o
                                0x321 (size before relaxing)
 .debug_str     0x000002c3      0x4e0 ..\obj\stm32f4xx_usart.o
                                0x6bc (size before relaxing)
 .debug_str     0x000007a3      0x1da ..\obj\stm32f4xx_pwr.o
                                0x3be (size before relaxing)
 .debug_str     0x0000097d       0xba ..\obj\startup_stm32f4xx.o
                                0x17f (size before relaxing)
 .debug_str     0x00000a37       0x7c ..\obj\main.o
                                0x264 (size before relaxing)
 .debug_str     0x00000ab3      0x5e2 ..\obj\stm32f4xx_rcc.o
                                0x87d (size before relaxing)
 .debug_str     0x00001095      0x1ce ..\obj\timewidget.o
                                0x36c (size before relaxing)
 .debug_str     0x00001263      0x4b9 ..\obj\ili9163.o
                                0x7c7 (size before relaxing)
 .debug_str     0x0000171c      0x4ba ..\obj\printf.o
                                0x690 (size before relaxing)
 .debug_str     0x00001bd6      0x19c ..\obj\stm32f4xx_gpio.o
                                0x4d0 (size before relaxing)
 .debug_str     0x00001d72       0x8b ..\obj\system_stm32f4xx.o
                                0x390 (size before relaxing)
 .debug_str     0x00001dfd      0x26d ..\obj\stm32f4xx_dma.o
                                0x56f (size before relaxing)
 .debug_str     0x0000206a      0x2ef ..\obj\stm32f4xx_spi.o
                                0x6b7 (size before relaxing)
 .debug_str     0x00002359      0x1cc ..\obj\stm32f4xx_exti.o
                                0x386 (size before relaxing)
 .debug_str     0x00002525      0x1d1 ..\obj\misc.o
                                0x3fb (size before relaxing)
 .debug_str     0x000026f6      0x5a3 ..\obj\bluetooth_usart.o
                                0xa5e (size before relaxing)
 .debug_str     0x00002c99      0x8b1 ..\obj\stm32f4xx_rtc.o
                                0xb75 (size before relaxing)
 .debug_str     0x0000354a       0x7a ..\obj\keyinputs.o
                                0xa07 (size before relaxing)

.comment        0x00000000       0x70
 .comment       0x00000000       0x70 ..\obj\stm32f4xx_syscfg.o
                                 0x71 (size before relaxing)
 .comment       0x00000000       0x71 ..\obj\stm32f4xx_usart.o
 .comment       0x00000000       0x71 ..\obj\stm32f4xx_pwr.o
 .comment       0x00000000       0x71 ..\obj\startup_stm32f4xx.o
 .comment       0x00000000       0x71 ..\obj\main.o
 .comment       0x00000000       0x71 ..\obj\stm32f4xx_rcc.o
 .comment       0x00000000       0x71 ..\obj\timewidget.o
 .comment       0x00000000       0x71 ..\obj\ili9163.o
 .comment       0x00000000       0x71 ..\obj\printf.o
 .comment       0x00000000       0x71 ..\obj\stm32f4xx_gpio.o
 .comment       0x00000000       0x71 ..\obj\system_stm32f4xx.o
 .comment       0x00000000       0x71 ..\obj\stm32f4xx_dma.o
 .comment       0x00000000       0x71 ..\obj\stm32f4xx_spi.o
 .comment       0x00000000       0x71 ..\obj\stm32f4xx_exti.o
 .comment       0x00000000       0x71 ..\obj\misc.o
 .comment       0x00000000       0x71 ..\obj\bluetooth_usart.o
 .comment       0x00000000       0x71 ..\obj\stm32f4xx_rtc.o
 .comment       0x00000000       0x71 ..\obj\keyinputs.o

.ARM.attributes
                0x00000000       0x39
 .ARM.attributes
                0x00000000       0x39 ..\obj\stm32f4xx_syscfg.o
 .ARM.attributes
                0x00000039       0x39 ..\obj\stm32f4xx_usart.o
 .ARM.attributes
                0x00000072       0x39 ..\obj\stm32f4xx_pwr.o
 .ARM.attributes
                0x000000ab       0x39 ..\obj\startup_stm32f4xx.o
 .ARM.attributes
                0x000000e4       0x39 ..\obj\main.o
 .ARM.attributes
                0x0000011d       0x39 ..\obj\stm32f4xx_rcc.o
 .ARM.attributes
                0x00000156       0x39 ..\obj\timewidget.o
 .ARM.attributes
                0x0000018f       0x39 ..\obj\ili9163.o
 .ARM.attributes
                0x000001c8       0x39 ..\obj\printf.o
 .ARM.attributes
                0x00000201       0x39 ..\obj\stm32f4xx_gpio.o
 .ARM.attributes
                0x0000023a       0x39 ..\obj\system_stm32f4xx.o
 .ARM.attributes
                0x00000273       0x39 ..\obj\stm32f4xx_dma.o
 .ARM.attributes
                0x000002ac       0x39 ..\obj\stm32f4xx_spi.o
 .ARM.attributes
                0x000002e5       0x39 ..\obj\stm32f4xx_exti.o
 .ARM.attributes
                0x0000031e       0x39 ..\obj\misc.o
 .ARM.attributes
                0x00000357       0x39 ..\obj\bluetooth_usart.o
 .ARM.attributes
                0x00000390       0x39 ..\obj\stm32f4xx_rtc.o
 .ARM.attributes
                0x000003c9       0x39 ..\obj\keyinputs.o

.debug_frame    0x00000000     0x1f00
 .debug_frame   0x00000000       0xbc ..\obj\stm32f4xx_syscfg.o
 .debug_frame   0x000000bc      0x344 ..\obj\stm32f4xx_usart.o
 .debug_frame   0x00000400      0x15c ..\obj\stm32f4xx_pwr.o
 .debug_frame   0x0000055c       0x48 ..\obj\startup_stm32f4xx.o
 .debug_frame   0x000005a4       0x2c ..\obj\main.o
 .debug_frame   0x000005d0      0x4d8 ..\obj\stm32f4xx_rcc.o
 .debug_frame   0x00000aa8       0x50 ..\obj\timewidget.o
 .debug_frame   0x00000af8      0x220 ..\obj\ili9163.o
 .debug_frame   0x00000d18      0x244 ..\obj\printf.o
 .debug_frame   0x00000f5c      0x19c ..\obj\stm32f4xx_gpio.o
 .debug_frame   0x000010f8       0x60 ..\obj\system_stm32f4xx.o
 .debug_frame   0x00001158      0x224 ..\obj\stm32f4xx_dma.o
 .debug_frame   0x0000137c      0x2d0 ..\obj\stm32f4xx_spi.o
 .debug_frame   0x0000164c       0xec ..\obj\stm32f4xx_exti.o
 .debug_frame   0x00001738       0x9c ..\obj\misc.o
 .debug_frame   0x000017d4       0x70 ..\obj\bluetooth_usart.o
 .debug_frame   0x00001844      0x670 ..\obj\stm32f4xx_rtc.o
 .debug_frame   0x00001eb4       0x4c ..\obj\keyinputs.o
